com/orasaka/core/infrastructure/adapter/ai/AudioGeneratorClientImpl.class
com/orasaka/core/infrastructure/adapter/ai/OllamaModelCatalogProvider.class
com/orasaka/core/domain/ports/outbound/PlatformMcpServerProvider$PlatformMcpServer.class
com/orasaka/core/application/pipeline/BackgroundScheduler.class
com/orasaka/core/domain/model/PromptContext.class
com/orasaka/core/domain/model/chat/InternalChatRequest$ChatMessage.class
com/orasaka/core/domain/model/chat/ChatResponse.class
com/orasaka/core/infrastructure/provider/GeminiDynamicProvider.class
com/orasaka/core/infrastructure/config/AiModelConfiguration.class
com/orasaka/core/domain/model/DagCompiler.class
com/orasaka/core/infrastructure/config/CoreProperties$VideoAnalysisConfig.class
com/orasaka/core/infrastructure/support/CoreException.class
com/orasaka/core/application/pipeline/OrchestrationPipeline.class
com/orasaka/core/application/processing/JsonChunkMapper.class
com/orasaka/core/application/interceptor/UserContextResolver.class
com/orasaka/core/infrastructure/config/CoreConfiguration.class
com/orasaka/core/application/pipeline/EnginePipelineContext.class
com/orasaka/core/domain/ports/inbound/McpService.class
com/orasaka/core/application/pipeline/MessageCompiler.class
com/orasaka/core/domain/model/OllamaCatalog.class
com/orasaka/core/domain/model/model/CatalogModelInfo.class
com/orasaka/core/domain/ports/outbound/ModelCatalogProvider.class
com/orasaka/core/application/interceptor/RagInterceptor.class
com/orasaka/core/application/service/AiClientImpl.class
com/orasaka/core/application/processing/ProcessedVideoPayload.class
com/orasaka/core/domain/model/chat/ChatSessionInfo.class
com/orasaka/core/domain/model/NodeState$Locked.class
com/orasaka/core/application/engine/AbstractEngine.class
com/orasaka/core/application/service/DynamicChatModelFactory.class
com/orasaka/core/application/pipeline/Base64MediaExtractor.class
com/orasaka/core/infrastructure/config/CoreProperties$UserContextConfig.class
com/orasaka/core/domain/model/video/VideoResponse.class
com/orasaka/core/application/engine/EngineInfrastructure.class
com/orasaka/core/application/processing/ChunkingStrategies$3.class
com/orasaka/core/domain/model/NodeState.class
com/orasaka/core/application/engine/InfrastructureProber.class
com/orasaka/core/infrastructure/config/CoreProperties.class
com/orasaka/core/application/processing/AudioPreProcessor.class
com/orasaka/core/infrastructure/config/FeaturesProperties$FeatureConfig.class
com/orasaka/core/domain/model/Authority.class
com/orasaka/core/domain/ports/outbound/UserMcpServerProvider.class
com/orasaka/core/application/service/McpServiceImpl.class
com/orasaka/core/domain/ports/outbound/ImageGeneratorClient.class
com/orasaka/core/infrastructure/orchestration/pipeline/interceptors/DynamicMemoryCondenser.class
com/orasaka/core/domain/ports/outbound/PlatformToolConfigProvider.class
com/orasaka/core/application/interceptor/RouterInterceptor.class
com/orasaka/core/domain/ports/inbound/JobService.class
com/orasaka/core/domain/model/AdaptiveDag.class
com/orasaka/core/application/pipeline/ChatOptionsResolver.class
com/orasaka/core/infrastructure/orchestration/pipeline/interceptors/SimDagRouterInterceptor.class
com/orasaka/core/domain/model/chat/InternalChatResponse.class
com/orasaka/core/domain/model/InterceptorConfig.class
com/orasaka/core/domain/model/image/ImageRequest.class
com/orasaka/core/application/service/ChatSessionServiceImpl.class
com/orasaka/core/infrastructure/support/PipelineExecutionException.class
com/orasaka/core/infrastructure/adapter/ai/ChatGeneratorClientImpl.class
com/orasaka/core/application/interceptor/PromptContextInterceptor.class
com/orasaka/core/domain/event/JobStatusChangedEvent.class
com/orasaka/core/infrastructure/config/SafeImageModel.class
com/orasaka/core/application/pipeline/EnginePipelineBridge.class
com/orasaka/core/application/processing/VideoPreProcessor.class
com/orasaka/core/domain/ports/outbound/PlatformMcpServerProvider.class
com/orasaka/core/infrastructure/config/OllamaOptionsStrategy.class
com/orasaka/core/infrastructure/config/CoreProperties$RagConfig.class
com/orasaka/core/application/processing/Chunker.class
com/orasaka/core/domain/ports/outbound/McpOrchestrator.class
com/orasaka/core/domain/ports/outbound/AdminRegistry$LockInfo.class
com/orasaka/core/application/pipeline/EngineStreamBridge.class
com/orasaka/core/domain/model/OllamaModel.class
com/orasaka/core/domain/ports/inbound/AiClient.class
com/orasaka/core/application/service/CatalogModelInfoMapper.class
com/orasaka/core/application/pipeline/McpClientFactory$McpServerDescriptor.class
com/orasaka/core/infrastructure/config/CoreProperties$VideoGenerationConfig.class
com/orasaka/core/domain/model/mcp/McpToolInfo.class
com/orasaka/core/domain/ports/outbound/UserCredentialsProvider.class
com/orasaka/core/infrastructure/provider/DynamicChatModelProvider.class
com/orasaka/core/domain/model/OperationNode.class
com/orasaka/core/infrastructure/support/SecurityContextUtil.class
com/orasaka/core/domain/model/job/JobStatus.class
com/orasaka/core/domain/model/TargetExecutionUri.class
com/orasaka/core/infrastructure/orchestration/pipeline/interceptors/CostShieldInterceptor.class
com/orasaka/core/domain/ports/outbound/ToolRegistry.class
com/orasaka/core/domain/model/video/VideoRequest.class
com/orasaka/core/infrastructure/orchestration/pipeline/interceptors/LanguageAlignmentInterceptor.class
com/orasaka/core/application/pipeline/PipelineOptionsRegistry.class
com/orasaka/core/application/processing/ChunkingStrategies$2.class
com/orasaka/core/infrastructure/config/CoreConfiguration$CustomVideoConfig.class
com/orasaka/core/domain/ports/outbound/VideoGeneratorClient.class
com/orasaka/core/infrastructure/config/CoreProperties$OrchestrationConfig.class
com/orasaka/core/domain/model/OperationGraph.class
com/orasaka/core/application/interceptor/McpInterceptor.class
com/orasaka/core/application/interceptor/RefinerInterceptor.class
com/orasaka/core/domain/ports/outbound/MemoryResolver$InMemoryChatMemory.class
com/orasaka/core/application/interceptor/MemoryInterceptor.class
com/orasaka/core/domain/model/AiRequest.class
com/orasaka/core/domain/model/audio/AudioResponse.class
com/orasaka/core/domain/ports/inbound/CatalogModelService.class
com/orasaka/core/domain/model/IntentMesh.class
com/orasaka/core/application/interceptor/PipelineInterceptors.class
com/orasaka/core/infrastructure/provider/OpenAiDynamicProvider.class
com/orasaka/core/application/pipeline/PipelineOptionsStrategy.class
com/orasaka/core/application/service/JobInfoMapper.class
com/orasaka/core/infrastructure/config/CoreConfiguration$CustomImageConfig.class
com/orasaka/core/application/processing/ImagePreProcessor.class
com/orasaka/core/domain/model/Context.class
com/orasaka/core/infrastructure/config/CoreProperties$ImageGenerationConfig.class
com/orasaka/core/domain/ports/outbound/KnowledgeService.class
com/orasaka/core/infrastructure/config/CoreProperties$VideoConfig.class
com/orasaka/core/domain/model/image/ImageResponse.class
com/orasaka/core/domain/model/IntentClassifier.class
com/orasaka/core/domain/model/job/JobInfo.class
com/orasaka/core/domain/event/ChatCompletedEvent.class
com/orasaka/core/infrastructure/config/OnMissingVectorStoreCondition.class
com/orasaka/core/infrastructure/config/FeaturesProperties.class
com/orasaka/core/domain/model/MediaCategory.class
com/orasaka/core/domain/model/chat/ChatRequest.class
com/orasaka/core/application/processing/ChunkingStrategies.class
com/orasaka/core/infrastructure/adapter/processor/LocalAudioProcessor.class
com/orasaka/core/domain/ports/outbound/UserMcpServerProvider$UserMcpServer.class
com/orasaka/core/application/pipeline/ProviderClassifier.class
com/orasaka/core/domain/ports/outbound/ChatGeneratorClient.class
com/orasaka/core/infrastructure/config/CoreProperties$ImageConfig.class
com/orasaka/core/application/interceptor/ToolInterceptor.class
com/orasaka/core/application/pipeline/McpClientFactory.class
com/orasaka/core/application/service/CatalogModelServiceImpl.class
com/orasaka/core/domain/ports/outbound/AdminRegistry.class
com/orasaka/core/application/processing/JsonChunkMapper$1.class
com/orasaka/core/application/interceptor/UserContextInterceptor.class
com/orasaka/core/infrastructure/adapter/ai/ImageGeneratorClientImpl.class
com/orasaka/core/domain/ports/outbound/PipelineConfigProvider.class
com/orasaka/core/domain/ports/outbound/MemoryResolver.class
com/orasaka/core/application/engine/Engine.class
com/orasaka/core/application/engine/GraphEngine$CacheEntry.class
com/orasaka/core/domain/model/audio/AudioRequest.class
com/orasaka/core/domain/ports/inbound/ChatSessionService.class
com/orasaka/core/infrastructure/adapter/ai/VideoGeneratorClientImpl.class
com/orasaka/core/domain/ports/outbound/AudioGeneratorClient.class
com/orasaka/core/application/processing/ProcessedImagePayload.class
com/orasaka/core/application/processing/ProcessedAudioPayload.class
com/orasaka/core/infrastructure/config/CoreConfiguration$LocalAiConfig.class
com/orasaka/core/infrastructure/config/CoreProperties$InterceptorConfig.class
com/orasaka/core/infrastructure/adapter/processor/LocalVideoProcessor.class
com/orasaka/core/domain/model/chat/InternalChatRequest.class
com/orasaka/core/application/interceptor/SystemContextInjector.class
com/orasaka/core/application/pipeline/Base64MediaExtractor$ExtractionResult.class
com/orasaka/core/application/service/JobServiceImpl.class
com/orasaka/core/infrastructure/config/CoreProperties$AudioConfig.class
com/orasaka/core/infrastructure/orchestration/pipeline/interceptors/HybridRagResolver.class
com/orasaka/core/domain/ports/outbound/PlatformToolConfigProvider$PlatformToolConfig.class
com/orasaka/core/application/service/ChatSessionInfoMapper.class
com/orasaka/core/application/processing/ChunkingStrategies$1.class
com/orasaka/core/infrastructure/config/CoreProperties$SystemContextConfig.class
com/orasaka/core/infrastructure/config/OpenAiOptionsStrategy.class
com/orasaka/core/infrastructure/provider/AnthropicDynamicProvider.class
com/orasaka/core/domain/ports/outbound/FeatureToggleProvider.class
com/orasaka/core/infrastructure/config/CoreProperties$VisionConfig.class
com/orasaka/core/domain/model/NodeState$Active.class
com/orasaka/core/domain/model/chat/ChatRequest$ChatMessage.class
com/orasaka/core/domain/model/NodeState$Invisible.class
com/orasaka/core/application/engine/GraphEngine.class
com/orasaka/core/infrastructure/config/CoreProperties$McpConfig.class
