/Users/oussamaabid/Documents/projects/orasaka/orasaka-core/src/main/java/com/orasaka/core/application/engine/AbstractEngine.java
/Users/oussamaabid/Documents/projects/orasaka/orasaka-core/src/main/java/com/orasaka/core/application/engine/Engine.java
/Users/oussamaabid/Documents/projects/orasaka/orasaka-core/src/main/java/com/orasaka/core/application/engine/EngineInfrastructure.java
/Users/oussamaabid/Documents/projects/orasaka/orasaka-core/src/main/java/com/orasaka/core/application/engine/GraphEngine.java
/Users/oussamaabid/Documents/projects/orasaka/orasaka-core/src/main/java/com/orasaka/core/application/engine/InfrastructureProber.java
/Users/oussamaabid/Documents/projects/orasaka/orasaka-core/src/main/java/com/orasaka/core/application/interceptor/McpInterceptor.java
/Users/oussamaabid/Documents/projects/orasaka/orasaka-core/src/main/java/com/orasaka/core/application/interceptor/MemoryInterceptor.java
/Users/oussamaabid/Documents/projects/orasaka/orasaka-core/src/main/java/com/orasaka/core/application/interceptor/PipelineInterceptors.java
/Users/oussamaabid/Documents/projects/orasaka/orasaka-core/src/main/java/com/orasaka/core/application/interceptor/PromptContextInterceptor.java
/Users/oussamaabid/Documents/projects/orasaka/orasaka-core/src/main/java/com/orasaka/core/application/interceptor/RagInterceptor.java
/Users/oussamaabid/Documents/projects/orasaka/orasaka-core/src/main/java/com/orasaka/core/application/interceptor/RefinerInterceptor.java
/Users/oussamaabid/Documents/projects/orasaka/orasaka-core/src/main/java/com/orasaka/core/application/interceptor/RouterInterceptor.java
/Users/oussamaabid/Documents/projects/orasaka/orasaka-core/src/main/java/com/orasaka/core/application/interceptor/SystemContextInjector.java
/Users/oussamaabid/Documents/projects/orasaka/orasaka-core/src/main/java/com/orasaka/core/application/interceptor/ToolInterceptor.java
/Users/oussamaabid/Documents/projects/orasaka/orasaka-core/src/main/java/com/orasaka/core/application/interceptor/UserContextInterceptor.java
/Users/oussamaabid/Documents/projects/orasaka/orasaka-core/src/main/java/com/orasaka/core/application/interceptor/UserContextResolver.java
/Users/oussamaabid/Documents/projects/orasaka/orasaka-core/src/main/java/com/orasaka/core/application/pipeline/BackgroundScheduler.java
/Users/oussamaabid/Documents/projects/orasaka/orasaka-core/src/main/java/com/orasaka/core/application/pipeline/Base64MediaExtractor.java
/Users/oussamaabid/Documents/projects/orasaka/orasaka-core/src/main/java/com/orasaka/core/application/pipeline/ChatOptionsResolver.java
/Users/oussamaabid/Documents/projects/orasaka/orasaka-core/src/main/java/com/orasaka/core/application/pipeline/EnginePipelineBridge.java
/Users/oussamaabid/Documents/projects/orasaka/orasaka-core/src/main/java/com/orasaka/core/application/pipeline/EnginePipelineContext.java
/Users/oussamaabid/Documents/projects/orasaka/orasaka-core/src/main/java/com/orasaka/core/application/pipeline/EngineStreamBridge.java
/Users/oussamaabid/Documents/projects/orasaka/orasaka-core/src/main/java/com/orasaka/core/application/pipeline/McpClientFactory.java
/Users/oussamaabid/Documents/projects/orasaka/orasaka-core/src/main/java/com/orasaka/core/application/pipeline/MessageCompiler.java
/Users/oussamaabid/Documents/projects/orasaka/orasaka-core/src/main/java/com/orasaka/core/application/pipeline/OrchestrationPipeline.java
/Users/oussamaabid/Documents/projects/orasaka/orasaka-core/src/main/java/com/orasaka/core/application/pipeline/PipelineOptionsRegistry.java
/Users/oussamaabid/Documents/projects/orasaka/orasaka-core/src/main/java/com/orasaka/core/application/pipeline/PipelineOptionsStrategy.java
/Users/oussamaabid/Documents/projects/orasaka/orasaka-core/src/main/java/com/orasaka/core/application/pipeline/ProviderClassifier.java
/Users/oussamaabid/Documents/projects/orasaka/orasaka-core/src/main/java/com/orasaka/core/application/processing/AudioPreProcessor.java
/Users/oussamaabid/Documents/projects/orasaka/orasaka-core/src/main/java/com/orasaka/core/application/processing/Chunker.java
/Users/oussamaabid/Documents/projects/orasaka/orasaka-core/src/main/java/com/orasaka/core/application/processing/ChunkingStrategies.java
/Users/oussamaabid/Documents/projects/orasaka/orasaka-core/src/main/java/com/orasaka/core/application/processing/ImagePreProcessor.java
/Users/oussamaabid/Documents/projects/orasaka/orasaka-core/src/main/java/com/orasaka/core/application/processing/JsonChunkMapper.java
/Users/oussamaabid/Documents/projects/orasaka/orasaka-core/src/main/java/com/orasaka/core/application/processing/ProcessedAudioPayload.java
/Users/oussamaabid/Documents/projects/orasaka/orasaka-core/src/main/java/com/orasaka/core/application/processing/ProcessedImagePayload.java
/Users/oussamaabid/Documents/projects/orasaka/orasaka-core/src/main/java/com/orasaka/core/application/processing/ProcessedVideoPayload.java
/Users/oussamaabid/Documents/projects/orasaka/orasaka-core/src/main/java/com/orasaka/core/application/processing/VideoPreProcessor.java
/Users/oussamaabid/Documents/projects/orasaka/orasaka-core/src/main/java/com/orasaka/core/application/service/AiClientImpl.java
/Users/oussamaabid/Documents/projects/orasaka/orasaka-core/src/main/java/com/orasaka/core/application/service/CatalogModelInfoMapper.java
/Users/oussamaabid/Documents/projects/orasaka/orasaka-core/src/main/java/com/orasaka/core/application/service/CatalogModelServiceImpl.java
/Users/oussamaabid/Documents/projects/orasaka/orasaka-core/src/main/java/com/orasaka/core/application/service/ChatSessionInfoMapper.java
/Users/oussamaabid/Documents/projects/orasaka/orasaka-core/src/main/java/com/orasaka/core/application/service/ChatSessionServiceImpl.java
/Users/oussamaabid/Documents/projects/orasaka/orasaka-core/src/main/java/com/orasaka/core/application/service/DynamicChatModelFactory.java
/Users/oussamaabid/Documents/projects/orasaka/orasaka-core/src/main/java/com/orasaka/core/application/service/JobInfoMapper.java
/Users/oussamaabid/Documents/projects/orasaka/orasaka-core/src/main/java/com/orasaka/core/application/service/JobServiceImpl.java
/Users/oussamaabid/Documents/projects/orasaka/orasaka-core/src/main/java/com/orasaka/core/application/service/McpServiceImpl.java
/Users/oussamaabid/Documents/projects/orasaka/orasaka-core/src/main/java/com/orasaka/core/domain/event/ChatCompletedEvent.java
/Users/oussamaabid/Documents/projects/orasaka/orasaka-core/src/main/java/com/orasaka/core/domain/event/JobStatusChangedEvent.java
/Users/oussamaabid/Documents/projects/orasaka/orasaka-core/src/main/java/com/orasaka/core/domain/model/AdaptiveDag.java
/Users/oussamaabid/Documents/projects/orasaka/orasaka-core/src/main/java/com/orasaka/core/domain/model/AiRequest.java
/Users/oussamaabid/Documents/projects/orasaka/orasaka-core/src/main/java/com/orasaka/core/domain/model/Authority.java
/Users/oussamaabid/Documents/projects/orasaka/orasaka-core/src/main/java/com/orasaka/core/domain/model/Context.java
/Users/oussamaabid/Documents/projects/orasaka/orasaka-core/src/main/java/com/orasaka/core/domain/model/DagCompiler.java
/Users/oussamaabid/Documents/projects/orasaka/orasaka-core/src/main/java/com/orasaka/core/domain/model/IntentClassifier.java
/Users/oussamaabid/Documents/projects/orasaka/orasaka-core/src/main/java/com/orasaka/core/domain/model/IntentMesh.java
/Users/oussamaabid/Documents/projects/orasaka/orasaka-core/src/main/java/com/orasaka/core/domain/model/InterceptorConfig.java
/Users/oussamaabid/Documents/projects/orasaka/orasaka-core/src/main/java/com/orasaka/core/domain/model/MediaCategory.java
/Users/oussamaabid/Documents/projects/orasaka/orasaka-core/src/main/java/com/orasaka/core/domain/model/NodeState.java
/Users/oussamaabid/Documents/projects/orasaka/orasaka-core/src/main/java/com/orasaka/core/domain/model/OllamaCatalog.java
/Users/oussamaabid/Documents/projects/orasaka/orasaka-core/src/main/java/com/orasaka/core/domain/model/OllamaModel.java
/Users/oussamaabid/Documents/projects/orasaka/orasaka-core/src/main/java/com/orasaka/core/domain/model/OperationGraph.java
/Users/oussamaabid/Documents/projects/orasaka/orasaka-core/src/main/java/com/orasaka/core/domain/model/OperationNode.java
/Users/oussamaabid/Documents/projects/orasaka/orasaka-core/src/main/java/com/orasaka/core/domain/model/PromptContext.java
/Users/oussamaabid/Documents/projects/orasaka/orasaka-core/src/main/java/com/orasaka/core/domain/model/TargetExecutionUri.java
/Users/oussamaabid/Documents/projects/orasaka/orasaka-core/src/main/java/com/orasaka/core/domain/model/audio/AudioRequest.java
/Users/oussamaabid/Documents/projects/orasaka/orasaka-core/src/main/java/com/orasaka/core/domain/model/audio/AudioResponse.java
/Users/oussamaabid/Documents/projects/orasaka/orasaka-core/src/main/java/com/orasaka/core/domain/model/chat/ChatRequest.java
/Users/oussamaabid/Documents/projects/orasaka/orasaka-core/src/main/java/com/orasaka/core/domain/model/chat/ChatResponse.java
/Users/oussamaabid/Documents/projects/orasaka/orasaka-core/src/main/java/com/orasaka/core/domain/model/chat/ChatSessionInfo.java
/Users/oussamaabid/Documents/projects/orasaka/orasaka-core/src/main/java/com/orasaka/core/domain/model/chat/InternalChatRequest.java
/Users/oussamaabid/Documents/projects/orasaka/orasaka-core/src/main/java/com/orasaka/core/domain/model/chat/InternalChatResponse.java
/Users/oussamaabid/Documents/projects/orasaka/orasaka-core/src/main/java/com/orasaka/core/domain/model/image/ImageRequest.java
/Users/oussamaabid/Documents/projects/orasaka/orasaka-core/src/main/java/com/orasaka/core/domain/model/image/ImageResponse.java
/Users/oussamaabid/Documents/projects/orasaka/orasaka-core/src/main/java/com/orasaka/core/domain/model/job/JobInfo.java
/Users/oussamaabid/Documents/projects/orasaka/orasaka-core/src/main/java/com/orasaka/core/domain/model/job/JobStatus.java
/Users/oussamaabid/Documents/projects/orasaka/orasaka-core/src/main/java/com/orasaka/core/domain/model/mcp/McpToolInfo.java
/Users/oussamaabid/Documents/projects/orasaka/orasaka-core/src/main/java/com/orasaka/core/domain/model/model/CatalogModelInfo.java
/Users/oussamaabid/Documents/projects/orasaka/orasaka-core/src/main/java/com/orasaka/core/domain/model/video/VideoRequest.java
/Users/oussamaabid/Documents/projects/orasaka/orasaka-core/src/main/java/com/orasaka/core/domain/model/video/VideoResponse.java
/Users/oussamaabid/Documents/projects/orasaka/orasaka-core/src/main/java/com/orasaka/core/domain/ports/inbound/AiClient.java
/Users/oussamaabid/Documents/projects/orasaka/orasaka-core/src/main/java/com/orasaka/core/domain/ports/inbound/CatalogModelService.java
/Users/oussamaabid/Documents/projects/orasaka/orasaka-core/src/main/java/com/orasaka/core/domain/ports/inbound/ChatSessionService.java
/Users/oussamaabid/Documents/projects/orasaka/orasaka-core/src/main/java/com/orasaka/core/domain/ports/inbound/JobService.java
/Users/oussamaabid/Documents/projects/orasaka/orasaka-core/src/main/java/com/orasaka/core/domain/ports/inbound/McpService.java
/Users/oussamaabid/Documents/projects/orasaka/orasaka-core/src/main/java/com/orasaka/core/domain/ports/outbound/AdminRegistry.java
/Users/oussamaabid/Documents/projects/orasaka/orasaka-core/src/main/java/com/orasaka/core/domain/ports/outbound/AudioGeneratorClient.java
/Users/oussamaabid/Documents/projects/orasaka/orasaka-core/src/main/java/com/orasaka/core/domain/ports/outbound/ChatGeneratorClient.java
/Users/oussamaabid/Documents/projects/orasaka/orasaka-core/src/main/java/com/orasaka/core/domain/ports/outbound/FeatureToggleProvider.java
/Users/oussamaabid/Documents/projects/orasaka/orasaka-core/src/main/java/com/orasaka/core/domain/ports/outbound/ImageGeneratorClient.java
/Users/oussamaabid/Documents/projects/orasaka/orasaka-core/src/main/java/com/orasaka/core/domain/ports/outbound/KnowledgeService.java
/Users/oussamaabid/Documents/projects/orasaka/orasaka-core/src/main/java/com/orasaka/core/domain/ports/outbound/McpOrchestrator.java
/Users/oussamaabid/Documents/projects/orasaka/orasaka-core/src/main/java/com/orasaka/core/domain/ports/outbound/MemoryResolver.java
/Users/oussamaabid/Documents/projects/orasaka/orasaka-core/src/main/java/com/orasaka/core/domain/ports/outbound/ModelCatalogProvider.java
/Users/oussamaabid/Documents/projects/orasaka/orasaka-core/src/main/java/com/orasaka/core/domain/ports/outbound/PipelineConfigProvider.java
/Users/oussamaabid/Documents/projects/orasaka/orasaka-core/src/main/java/com/orasaka/core/domain/ports/outbound/PlatformMcpServerProvider.java
/Users/oussamaabid/Documents/projects/orasaka/orasaka-core/src/main/java/com/orasaka/core/domain/ports/outbound/PlatformToolConfigProvider.java
/Users/oussamaabid/Documents/projects/orasaka/orasaka-core/src/main/java/com/orasaka/core/domain/ports/outbound/ToolRegistry.java
/Users/oussamaabid/Documents/projects/orasaka/orasaka-core/src/main/java/com/orasaka/core/domain/ports/outbound/UserCredentialsProvider.java
/Users/oussamaabid/Documents/projects/orasaka/orasaka-core/src/main/java/com/orasaka/core/domain/ports/outbound/UserMcpServerProvider.java
/Users/oussamaabid/Documents/projects/orasaka/orasaka-core/src/main/java/com/orasaka/core/domain/ports/outbound/VideoGeneratorClient.java
/Users/oussamaabid/Documents/projects/orasaka/orasaka-core/src/main/java/com/orasaka/core/infrastructure/adapter/ai/AudioGeneratorClientImpl.java
/Users/oussamaabid/Documents/projects/orasaka/orasaka-core/src/main/java/com/orasaka/core/infrastructure/adapter/ai/ChatGeneratorClientImpl.java
/Users/oussamaabid/Documents/projects/orasaka/orasaka-core/src/main/java/com/orasaka/core/infrastructure/adapter/ai/ImageGeneratorClientImpl.java
/Users/oussamaabid/Documents/projects/orasaka/orasaka-core/src/main/java/com/orasaka/core/infrastructure/adapter/ai/OllamaModelCatalogProvider.java
/Users/oussamaabid/Documents/projects/orasaka/orasaka-core/src/main/java/com/orasaka/core/infrastructure/adapter/ai/VideoGeneratorClientImpl.java
/Users/oussamaabid/Documents/projects/orasaka/orasaka-core/src/main/java/com/orasaka/core/infrastructure/adapter/processor/LocalAudioProcessor.java
/Users/oussamaabid/Documents/projects/orasaka/orasaka-core/src/main/java/com/orasaka/core/infrastructure/adapter/processor/LocalVideoProcessor.java
/Users/oussamaabid/Documents/projects/orasaka/orasaka-core/src/main/java/com/orasaka/core/infrastructure/config/AiModelConfiguration.java
/Users/oussamaabid/Documents/projects/orasaka/orasaka-core/src/main/java/com/orasaka/core/infrastructure/config/CoreConfiguration.java
/Users/oussamaabid/Documents/projects/orasaka/orasaka-core/src/main/java/com/orasaka/core/infrastructure/config/CoreProperties.java
/Users/oussamaabid/Documents/projects/orasaka/orasaka-core/src/main/java/com/orasaka/core/infrastructure/config/FeaturesProperties.java
/Users/oussamaabid/Documents/projects/orasaka/orasaka-core/src/main/java/com/orasaka/core/infrastructure/config/OllamaOptionsStrategy.java
/Users/oussamaabid/Documents/projects/orasaka/orasaka-core/src/main/java/com/orasaka/core/infrastructure/config/OnMissingVectorStoreCondition.java
/Users/oussamaabid/Documents/projects/orasaka/orasaka-core/src/main/java/com/orasaka/core/infrastructure/config/OpenAiOptionsStrategy.java
/Users/oussamaabid/Documents/projects/orasaka/orasaka-core/src/main/java/com/orasaka/core/infrastructure/config/SafeImageModel.java
/Users/oussamaabid/Documents/projects/orasaka/orasaka-core/src/main/java/com/orasaka/core/infrastructure/orchestration/pipeline/interceptors/CostShieldInterceptor.java
/Users/oussamaabid/Documents/projects/orasaka/orasaka-core/src/main/java/com/orasaka/core/infrastructure/orchestration/pipeline/interceptors/DynamicMemoryCondenser.java
/Users/oussamaabid/Documents/projects/orasaka/orasaka-core/src/main/java/com/orasaka/core/infrastructure/orchestration/pipeline/interceptors/HybridRagResolver.java
/Users/oussamaabid/Documents/projects/orasaka/orasaka-core/src/main/java/com/orasaka/core/infrastructure/orchestration/pipeline/interceptors/LanguageAlignmentInterceptor.java
/Users/oussamaabid/Documents/projects/orasaka/orasaka-core/src/main/java/com/orasaka/core/infrastructure/orchestration/pipeline/interceptors/SimDagRouterInterceptor.java
/Users/oussamaabid/Documents/projects/orasaka/orasaka-core/src/main/java/com/orasaka/core/infrastructure/provider/AnthropicDynamicProvider.java
/Users/oussamaabid/Documents/projects/orasaka/orasaka-core/src/main/java/com/orasaka/core/infrastructure/provider/DynamicChatModelProvider.java
/Users/oussamaabid/Documents/projects/orasaka/orasaka-core/src/main/java/com/orasaka/core/infrastructure/provider/GeminiDynamicProvider.java
/Users/oussamaabid/Documents/projects/orasaka/orasaka-core/src/main/java/com/orasaka/core/infrastructure/provider/OpenAiDynamicProvider.java
/Users/oussamaabid/Documents/projects/orasaka/orasaka-core/src/main/java/com/orasaka/core/infrastructure/support/CoreException.java
/Users/oussamaabid/Documents/projects/orasaka/orasaka-core/src/main/java/com/orasaka/core/infrastructure/support/PipelineExecutionException.java
/Users/oussamaabid/Documents/projects/orasaka/orasaka-core/src/main/java/com/orasaka/core/infrastructure/support/SecurityContextUtil.java
