com/orasaka/core/application/processing/ChunkingStrategiesTest$MarkdownChunkers.class
com/orasaka/core/application/engine/GraphEngineTest.class
com/orasaka/core/domain/model/PromptContextTest.class
com/orasaka/core/domain/ports/outbound/KnowledgeServiceTest.class
com/orasaka/core/domain/model/video/VideoResponseTest.class
com/orasaka/core/application/processing/VideoPreProcessorTest.class
com/orasaka/core/application/pipeline/OrchestrationPipelineTest$ConstructorEdgeCases.class
com/orasaka/core/application/interceptor/RefinerInterceptorTest.class
com/orasaka/core/domain/model/OperationNodeTest$Defaults.class
com/orasaka/core/application/interceptor/RouterInterceptorTest.class
com/orasaka/core/application/interceptor/ToolInterceptorTest$DemandDetection.class
com/orasaka/core/application/service/CatalogModelInfoMapperTest.class
com/orasaka/core/application/processing/ProcessedVideoPayloadTest$CompactConstructor.class
com/orasaka/core/domain/model/ContextTest$Defaults.class
com/orasaka/core/application/interceptor/UserContextResolverTest$SecurityResolution.class
com/orasaka/core/infrastructure/support/SecurityContextUtilTest$NoSecurityContext.class
com/orasaka/core/architecture/GovernanceTest$2.class
com/orasaka/core/domain/model/video/VideoResponseTest$DataIntegrity.class
com/orasaka/core/application/pipeline/OrchestrationPipelineTest$DisabledPipeline.class
com/orasaka/core/application/service/DynamicChatModelFactoryTest.class
com/orasaka/core/application/interceptor/PipelineInterceptorsTest$ExtractResponseText.class
com/orasaka/core/application/pipeline/OrchestrationPipelineTest$EnabledPipeline$3.class
com/orasaka/core/application/processing/ProcessedImagePayloadTest$DimensionalInvariants.class
com/orasaka/core/application/interceptor/ToolInterceptorTest$OptionsAttachment.class
com/orasaka/core/architecture/EncapsulationTest.class
com/orasaka/core/architecture/LayerBoundaryTest$1.class
com/orasaka/core/infrastructure/config/FeaturesPropertiesTest$PropertiesTests.class
com/orasaka/core/application/interceptor/PipelineInterceptorsTest$UtilityContract.class
com/orasaka/core/domain/model/chat/InternalChatRequestTest$MessageCompilation.class
com/orasaka/core/domain/model/OperationNodeTest.class
com/orasaka/core/domain/ports/outbound/MemoryResolverTest$InMemoryOps.class
com/orasaka/core/application/processing/ChunkingStrategiesTest$Resolve.class
com/orasaka/core/domain/model/ContextTest$Immutability.class
com/orasaka/core/application/interceptor/RefinerInterceptorTest$ProviderResolution.class
com/orasaka/core/application/interceptor/PromptContextInterceptorTest.class
com/orasaka/core/domain/ports/outbound/MemoryResolverTest$Purge.class
com/orasaka/core/domain/model/PromptContextTest$WitherMethods.class
com/orasaka/core/application/engine/EngineTest$1.class
com/orasaka/core/architecture/LayerBoundaryTest$2.class
com/orasaka/core/application/interceptor/UserContextResolverTest.class
com/orasaka/core/application/pipeline/OrchestrationPipelineTest$DynamicOrdering$BetaInterceptor.class
com/orasaka/core/application/processing/ProcessedImagePayloadTest.class
com/orasaka/core/domain/ports/outbound/AdminRegistryTest$LockInfoTests.class
com/orasaka/core/application/service/AiClientImplTest.class
com/orasaka/core/application/pipeline/BackgroundSchedulerTest$IngestionExecution.class
com/orasaka/core/application/interceptor/RouterInterceptorTest$ProviderResolution.class
com/orasaka/core/application/pipeline/PipelineOptionsRegistryTest.class
com/orasaka/core/application/pipeline/OrchestrationPipelineTest$DynamicOrdering$AlphaInterceptor.class
com/orasaka/core/domain/model/chat/InternalChatRequestTest$ChatMessageTests.class
com/orasaka/core/architecture/FailFastComplianceTest.class
com/orasaka/core/application/pipeline/OrchestrationPipelineTest$EnabledPipeline$2.class
com/orasaka/core/application/service/McpServiceImplTest.class
com/orasaka/core/application/pipeline/EnginePipelineBridgeTest$RemoveTools.class
com/orasaka/core/domain/model/job/JobInfoTest.class
com/orasaka/core/domain/ports/outbound/MemoryResolverTest.class
com/orasaka/core/application/service/ChatSessionServiceImplTest.class
com/orasaka/core/domain/model/video/VideoRequestTest.class
com/orasaka/core/domain/model/image/ImageRequestTest.class
com/orasaka/core/domain/model/DagCompilerTest.class
com/orasaka/core/application/processing/VideoPreProcessorTest$1.class
com/orasaka/core/application/interceptor/ToolInterceptorTest$NoTools.class
com/orasaka/core/architecture/GovernanceTest$1.class
com/orasaka/core/application/processing/AudioPreProcessorTest$1.class
com/orasaka/core/application/pipeline/OrchestrationPipelineTest$EnabledPipeline$1.class
com/orasaka/core/domain/model/TargetExecutionUriTest.class
com/orasaka/core/application/pipeline/EnginePipelineBridgeTest$CompileContext.class
com/orasaka/core/domain/model/video/VideoRequestTest$Validation.class
com/orasaka/core/domain/model/TargetExecutionUriTest$Invariants.class
com/orasaka/core/application/interceptor/ToolInterceptorTest.class
com/orasaka/core/domain/event/JobStatusChangedEventTest.class
com/orasaka/core/domain/model/ContextTest.class
com/orasaka/core/application/pipeline/OrchestrationPipelineTest$EnabledPipeline$4.class
com/orasaka/core/infrastructure/config/FeaturesPropertiesTest$FeatureConfigTests.class
com/orasaka/core/application/pipeline/OrchestrationPipelineTest$DynamicOrdering.class
com/orasaka/core/application/processing/ChunkingStrategiesTest$PlainText.class
com/orasaka/core/domain/model/OperationNodeTest$NullSafety.class
com/orasaka/core/infrastructure/support/SecurityContextUtilTest.class
com/orasaka/core/domain/model/ContextTest$AuthorityChecks.class
com/orasaka/core/domain/ports/outbound/AdminRegistryTest.class
com/orasaka/core/domain/model/video/VideoRequestTest$DefensiveCopying.class
com/orasaka/core/application/processing/ChunkingStrategiesTest.class
com/orasaka/core/domain/model/OllamaModelTest.class
com/orasaka/core/infrastructure/config/CorePropertiesVideoConfigTest$VideoConfigTests.class
com/orasaka/core/domain/model/PromptContextTest$TwoArgConstructor.class
com/orasaka/core/architecture/GovernanceTest.class
com/orasaka/core/domain/model/model/CatalogModelInfoTest.class
com/orasaka/core/domain/model/OllamaCatalogTest.class
com/orasaka/core/application/pipeline/OrchestrationPipelineTest.class
com/orasaka/core/application/processing/AudioPreProcessorTest.class
com/orasaka/core/domain/model/video/VideoResponseTest$Defaults.class
com/orasaka/core/application/interceptor/RefinerInterceptorTest$ConstructorValidation.class
com/orasaka/core/application/processing/ChunkingStrategiesTest$JsonArray.class
com/orasaka/core/domain/model/TargetExecutionUriTest$ValidConstruction.class
com/orasaka/core/application/processing/ProcessedAudioPayloadTest.class
com/orasaka/core/application/service/JobServiceImplTest.class
com/orasaka/core/infrastructure/adapter/processor/LocalVideoProcessorTest$Process.class
com/orasaka/core/architecture/GovernanceTest$3.class
com/orasaka/core/domain/ports/outbound/AdminRegistryTest$NullSafety.class
com/orasaka/core/domain/model/chat/InternalChatRequestTest.class
com/orasaka/core/application/engine/InfrastructureProberTest.class
com/orasaka/core/infrastructure/adapter/ai/VideoGeneratorClientImplTest.class
com/orasaka/core/domain/ports/outbound/MemoryResolverTest$SessionResolution.class
com/orasaka/core/application/service/JobInfoMapperTest.class
com/orasaka/core/infrastructure/support/SecurityContextUtilTest$UtilityContract.class
com/orasaka/core/application/interceptor/RefinerInterceptorTest$DisabledRefinement.class
com/orasaka/core/application/interceptor/PipelineInterceptorsTest.class
com/orasaka/core/infrastructure/adapter/processor/LocalVideoProcessorTest$ConfigResolution.class
com/orasaka/core/domain/model/chat/ChatSessionInfoTest.class
com/orasaka/core/application/processing/ProcessedVideoPayloadTest.class
com/orasaka/core/domain/model/job/JobStatusTest.class
com/orasaka/core/application/engine/EngineTest.class
com/orasaka/core/domain/model/image/ImageResponseTest.class
com/orasaka/core/domain/model/mcp/McpToolInfoTest.class
com/orasaka/core/domain/ports/outbound/AdminRegistryTest$LockLifecycle.class
com/orasaka/core/architecture/GovernanceTest$4.class
com/orasaka/core/application/pipeline/BackgroundSchedulerTest.class
com/orasaka/core/domain/model/chat/InternalChatRequestTest$FactoryMethods.class
com/orasaka/core/application/pipeline/OrchestrationPipelineTest$DynamicOrdering$1.class
com/orasaka/core/infrastructure/config/FeaturesPropertiesTest.class
com/orasaka/core/application/pipeline/EnginePipelineBridgeTest.class
com/orasaka/core/domain/model/video/VideoRequestTest$Defaults.class
com/orasaka/core/application/service/CatalogModelServiceImplTest.class
com/orasaka/core/application/pipeline/OrchestrationPipelineTest$1.class
com/orasaka/core/domain/model/chat/InternalChatRequestTest$ConstructorDefaults.class
com/orasaka/core/application/pipeline/EngineStreamBridgeTest.class
com/orasaka/core/application/interceptor/RouterInterceptorTest$ConstructorValidation.class
com/orasaka/core/infrastructure/config/CorePropertiesVideoConfigTest.class
com/orasaka/core/infrastructure/adapter/processor/LocalVideoProcessorTest.class
com/orasaka/core/application/service/ChatSessionInfoMapperTest.class
com/orasaka/core/domain/model/chat/ChatRequestTest.class
com/orasaka/core/architecture/GovernanceTest$5.class
com/orasaka/core/application/interceptor/UserContextInterceptorTest.class
com/orasaka/core/architecture/PromptExternalizationTest.class
com/orasaka/core/application/interceptor/PromptContextInterceptorTest$1.class
com/orasaka/core/application/pipeline/EnginePipelineBridgeTest$MapMessage.class
com/orasaka/core/infrastructure/config/CorePropertiesVideoConfigTest$InterceptorConfigTests.class
com/orasaka/core/architecture/LayerBoundaryTest.class
com/orasaka/core/architecture/PromptExternalizationTest$1.class
com/orasaka/core/application/pipeline/OrchestrationPipelineTest$EnabledPipeline.class
com/orasaka/core/domain/model/video/VideoResponseTest$Validation.class
com/orasaka/core/application/interceptor/RouterInterceptorTest$DisabledRouter.class
com/orasaka/core/domain/model/PromptContextTest$CompactConstructor.class
com/orasaka/core/application/processing/ProcessedImagePayloadTest$ConstructorDefaults.class
