/Users/oussamaabid/Documents/projects/orasaka/orasaka-core/src/test/java/com/orasaka/core/application/engine/EngineTest.java
/Users/oussamaabid/Documents/projects/orasaka/orasaka-core/src/test/java/com/orasaka/core/application/engine/GraphEngineTest.java
/Users/oussamaabid/Documents/projects/orasaka/orasaka-core/src/test/java/com/orasaka/core/application/engine/InfrastructureProberTest.java
/Users/oussamaabid/Documents/projects/orasaka/orasaka-core/src/test/java/com/orasaka/core/application/interceptor/PipelineInterceptorsTest.java
/Users/oussamaabid/Documents/projects/orasaka/orasaka-core/src/test/java/com/orasaka/core/application/interceptor/PromptContextInterceptorTest.java
/Users/oussamaabid/Documents/projects/orasaka/orasaka-core/src/test/java/com/orasaka/core/application/interceptor/RefinerInterceptorTest.java
/Users/oussamaabid/Documents/projects/orasaka/orasaka-core/src/test/java/com/orasaka/core/application/interceptor/RouterInterceptorTest.java
/Users/oussamaabid/Documents/projects/orasaka/orasaka-core/src/test/java/com/orasaka/core/application/interceptor/ToolInterceptorTest.java
/Users/oussamaabid/Documents/projects/orasaka/orasaka-core/src/test/java/com/orasaka/core/application/interceptor/UserContextInterceptorTest.java
/Users/oussamaabid/Documents/projects/orasaka/orasaka-core/src/test/java/com/orasaka/core/application/interceptor/UserContextResolverTest.java
/Users/oussamaabid/Documents/projects/orasaka/orasaka-core/src/test/java/com/orasaka/core/application/pipeline/BackgroundSchedulerTest.java
/Users/oussamaabid/Documents/projects/orasaka/orasaka-core/src/test/java/com/orasaka/core/application/pipeline/EnginePipelineBridgeTest.java
/Users/oussamaabid/Documents/projects/orasaka/orasaka-core/src/test/java/com/orasaka/core/application/pipeline/EngineStreamBridgeTest.java
/Users/oussamaabid/Documents/projects/orasaka/orasaka-core/src/test/java/com/orasaka/core/application/pipeline/OrchestrationPipelineTest.java
/Users/oussamaabid/Documents/projects/orasaka/orasaka-core/src/test/java/com/orasaka/core/application/pipeline/PipelineOptionsRegistryTest.java
/Users/oussamaabid/Documents/projects/orasaka/orasaka-core/src/test/java/com/orasaka/core/application/processing/AudioPreProcessorTest.java
/Users/oussamaabid/Documents/projects/orasaka/orasaka-core/src/test/java/com/orasaka/core/application/processing/ChunkingStrategiesTest.java
/Users/oussamaabid/Documents/projects/orasaka/orasaka-core/src/test/java/com/orasaka/core/application/processing/ProcessedAudioPayloadTest.java
/Users/oussamaabid/Documents/projects/orasaka/orasaka-core/src/test/java/com/orasaka/core/application/processing/ProcessedImagePayloadTest.java
/Users/oussamaabid/Documents/projects/orasaka/orasaka-core/src/test/java/com/orasaka/core/application/processing/ProcessedVideoPayloadTest.java
/Users/oussamaabid/Documents/projects/orasaka/orasaka-core/src/test/java/com/orasaka/core/application/processing/VideoPreProcessorTest.java
/Users/oussamaabid/Documents/projects/orasaka/orasaka-core/src/test/java/com/orasaka/core/application/service/AiClientImplTest.java
/Users/oussamaabid/Documents/projects/orasaka/orasaka-core/src/test/java/com/orasaka/core/application/service/CatalogModelInfoMapperTest.java
/Users/oussamaabid/Documents/projects/orasaka/orasaka-core/src/test/java/com/orasaka/core/application/service/CatalogModelServiceImplTest.java
/Users/oussamaabid/Documents/projects/orasaka/orasaka-core/src/test/java/com/orasaka/core/application/service/ChatSessionInfoMapperTest.java
/Users/oussamaabid/Documents/projects/orasaka/orasaka-core/src/test/java/com/orasaka/core/application/service/ChatSessionServiceImplTest.java
/Users/oussamaabid/Documents/projects/orasaka/orasaka-core/src/test/java/com/orasaka/core/application/service/DynamicChatModelFactoryTest.java
/Users/oussamaabid/Documents/projects/orasaka/orasaka-core/src/test/java/com/orasaka/core/application/service/JobInfoMapperTest.java
/Users/oussamaabid/Documents/projects/orasaka/orasaka-core/src/test/java/com/orasaka/core/application/service/JobServiceImplTest.java
/Users/oussamaabid/Documents/projects/orasaka/orasaka-core/src/test/java/com/orasaka/core/application/service/McpServiceImplTest.java
/Users/oussamaabid/Documents/projects/orasaka/orasaka-core/src/test/java/com/orasaka/core/architecture/EncapsulationTest.java
/Users/oussamaabid/Documents/projects/orasaka/orasaka-core/src/test/java/com/orasaka/core/architecture/FailFastComplianceTest.java
/Users/oussamaabid/Documents/projects/orasaka/orasaka-core/src/test/java/com/orasaka/core/architecture/GovernanceTest.java
/Users/oussamaabid/Documents/projects/orasaka/orasaka-core/src/test/java/com/orasaka/core/architecture/LayerBoundaryTest.java
/Users/oussamaabid/Documents/projects/orasaka/orasaka-core/src/test/java/com/orasaka/core/architecture/PromptExternalizationTest.java
/Users/oussamaabid/Documents/projects/orasaka/orasaka-core/src/test/java/com/orasaka/core/domain/event/JobStatusChangedEventTest.java
/Users/oussamaabid/Documents/projects/orasaka/orasaka-core/src/test/java/com/orasaka/core/domain/model/ContextTest.java
/Users/oussamaabid/Documents/projects/orasaka/orasaka-core/src/test/java/com/orasaka/core/domain/model/DagCompilerTest.java
/Users/oussamaabid/Documents/projects/orasaka/orasaka-core/src/test/java/com/orasaka/core/domain/model/OllamaCatalogTest.java
/Users/oussamaabid/Documents/projects/orasaka/orasaka-core/src/test/java/com/orasaka/core/domain/model/OllamaModelTest.java
/Users/oussamaabid/Documents/projects/orasaka/orasaka-core/src/test/java/com/orasaka/core/domain/model/OperationNodeTest.java
/Users/oussamaabid/Documents/projects/orasaka/orasaka-core/src/test/java/com/orasaka/core/domain/model/PromptContextTest.java
/Users/oussamaabid/Documents/projects/orasaka/orasaka-core/src/test/java/com/orasaka/core/domain/model/TargetExecutionUriTest.java
/Users/oussamaabid/Documents/projects/orasaka/orasaka-core/src/test/java/com/orasaka/core/domain/model/chat/ChatRequestTest.java
/Users/oussamaabid/Documents/projects/orasaka/orasaka-core/src/test/java/com/orasaka/core/domain/model/chat/ChatSessionInfoTest.java
/Users/oussamaabid/Documents/projects/orasaka/orasaka-core/src/test/java/com/orasaka/core/domain/model/chat/InternalChatRequestTest.java
/Users/oussamaabid/Documents/projects/orasaka/orasaka-core/src/test/java/com/orasaka/core/domain/model/image/ImageRequestTest.java
/Users/oussamaabid/Documents/projects/orasaka/orasaka-core/src/test/java/com/orasaka/core/domain/model/image/ImageResponseTest.java
/Users/oussamaabid/Documents/projects/orasaka/orasaka-core/src/test/java/com/orasaka/core/domain/model/job/JobInfoTest.java
/Users/oussamaabid/Documents/projects/orasaka/orasaka-core/src/test/java/com/orasaka/core/domain/model/job/JobStatusTest.java
/Users/oussamaabid/Documents/projects/orasaka/orasaka-core/src/test/java/com/orasaka/core/domain/model/mcp/McpToolInfoTest.java
/Users/oussamaabid/Documents/projects/orasaka/orasaka-core/src/test/java/com/orasaka/core/domain/model/model/CatalogModelInfoTest.java
/Users/oussamaabid/Documents/projects/orasaka/orasaka-core/src/test/java/com/orasaka/core/domain/model/video/VideoRequestTest.java
/Users/oussamaabid/Documents/projects/orasaka/orasaka-core/src/test/java/com/orasaka/core/domain/model/video/VideoResponseTest.java
/Users/oussamaabid/Documents/projects/orasaka/orasaka-core/src/test/java/com/orasaka/core/domain/ports/outbound/AdminRegistryTest.java
/Users/oussamaabid/Documents/projects/orasaka/orasaka-core/src/test/java/com/orasaka/core/domain/ports/outbound/KnowledgeServiceTest.java
/Users/oussamaabid/Documents/projects/orasaka/orasaka-core/src/test/java/com/orasaka/core/domain/ports/outbound/MemoryResolverTest.java
/Users/oussamaabid/Documents/projects/orasaka/orasaka-core/src/test/java/com/orasaka/core/infrastructure/adapter/ai/VideoGeneratorClientImplTest.java
/Users/oussamaabid/Documents/projects/orasaka/orasaka-core/src/test/java/com/orasaka/core/infrastructure/adapter/processor/LocalVideoProcessorTest.java
/Users/oussamaabid/Documents/projects/orasaka/orasaka-core/src/test/java/com/orasaka/core/infrastructure/config/CorePropertiesVideoConfigTest.java
/Users/oussamaabid/Documents/projects/orasaka/orasaka-core/src/test/java/com/orasaka/core/infrastructure/config/FeaturesPropertiesTest.java
/Users/oussamaabid/Documents/projects/orasaka/orasaka-core/src/test/java/com/orasaka/core/infrastructure/support/SecurityContextUtilTest.java
